# HELP app_horizon_master_supervisors The number of master supervisors
# TYPE app_horizon_master_supervisors gauge
app_horizon_master_supervisors 0
