# HELP app_horizon_jobs_per_minute The number of jobs per minute
# TYPE app_horizon_jobs_per_minute gauge
app_horizon_jobs_per_minute 0