# HELP other_namespace_alternative_name This is the help text
# TYPE other_namespace_alternative_name counter
other_namespace_alternative_name 123