# HELP custom_namespace_my_gauge 
# TYPE custom_namespace_my_gauge gauge
custom_namespace_my_gauge 123.45
