# HELP other_namespace_my_gauge 
# TYPE other_namespace_my_gauge gauge
other_namespace_my_gauge{label_name_1="label_value_1",label_name_2="label_value_2"} 123
other_namespace_my_gauge{label_name_1="label_value_3",label_name_2="label_value_4"} 124
