# HELP app_my_counter 
# TYPE app_my_counter counter
app_my_counter{label_name="label_value"} 123
app_my_counter{label_name="label_value_2"} 456
