# HELP app_my_gauge 
# TYPE app_my_gauge gauge
app_my_gauge{label_name="label_value"} 123
app_my_gauge{label_name="label_value_2"} 456
