# HELP app_queue_pending_jobs The number of pending jobs in the queue
# TYPE app_queue_pending_jobs gauge
app_queue_pending_jobs{connection="redis",queue="high"} 0
app_queue_pending_jobs{connection="redis",queue="low"} 0