# HELP app_queue_size The total number of jobs in the queue
# TYPE app_queue_size gauge
app_queue_size{connection="sync",queue="default"} 0