# HELP app_horizon_recent_jobs The number of recent jobs
# TYPE app_horizon_recent_jobs gauge
app_horizon_recent_jobs 0